// Jest Snapshot v1, https://goo.gl/fbAQLP

exports[`Login component test Login render should render correctly 1`] = `
<div
  className="container login"
>
  <h1>
    Login
  </h1>
  <Form
    className="mt-4"
    onSubmit={[Function]}
  >
    <div
      className="form-group"
    >
      <label
        htmlFor="firstname"
      >
        Firstname
      </label>
      <Input
        className="form-control"
        name="firstname"
        placeholder="Enter firstname"
        required={true}
        type="text"
      />
    </div>
    <div
      className="form-group"
    >
      <label
        htmlFor="surname"
      >
        Surname
      </label>
      <Input
        className="form-control"
        name="surname"
        placeholder="Enter surname"
        required="required"
        type="text"
      />
    </div>
    <div
      className="form-group"
    >
      <label
        htmlFor="tags-select"
      >
        Tags
      </label>
      <Tags
        onTagSelected={[Function]}
        required={true}
      />
    </div>
    <button
      className="btn btn-primary mt-1"
      type="submit"
    >
      Login
    </button>
  </Form>
</div>
`;
